
> trident-backend@0.1.0 test
> jest --runInBand

  console.error
    Browse projects error: Error: Database error
        at Object.<anonymous> (C:\Users\danie\Escritorio\TRIDENT - PRODUCTION\TRIDENT-BACKEND\backend\tests\unit\projectController.test.js:151:49)
        at Promise.then.completed (C:\Users\danie\Escritorio\TRIDENT - PRODUCTION\TRIDENT-BACKEND\backend\node_modules\jest-circus\build\utils.js:298:28)
        at new Promise (<anonymous>)
        at callAsyncCircusFn (C:\Users\danie\Escritorio\TRIDENT - PRODUCTION\TRIDENT-BACKEND\backend\node_modules\jest-circus\build\utils.js:231:10)
        at _callCircusTest (C:\Users\danie\Escritorio\TRIDENT - PRODUCTION\TRIDENT-BACKEND\backend\node_modules\jest-circus\build\run.js:316:40)
        at _runTest (C:\Users\danie\Escritorio\TRIDENT - PRODUCTION\TRIDENT-BACKEND\backend\node_modules\jest-circus\build\run.js:252:3)
        at _runTestsForDescribeBlock (C:\Users\danie\Escritorio\TRIDENT - PRODUCTION\TRIDENT-BACKEND\backend\node_modules\jest-circus\build\run.js:126:9)
        at _runTestsForDescribeBlock (C:\Users\danie\Escritorio\TRIDENT - PRODUCTION\TRIDENT-BACKEND\backend\node_modules\jest-circus\build\run.js:121:9)
        at _runTestsForDescribeBlock (C:\Users\danie\Escritorio\TRIDENT - PRODUCTION\TRIDENT-BACKEND\backend\node_modules\jest-circus\build\run.js:121:9)
        at run (C:\Users\danie\Escritorio\TRIDENT - PRODUCTION\TRIDENT-BACKEND\backend\node_modules\jest-circus\build\run.js:71:3)
        at runAndTransformResultsToJestFormat (C:\Users\danie\Escritorio\TRIDENT - PRODUCTION\TRIDENT-BACKEND\backend\node_modules\jest-circus\build\legacy-code-todo-rewrite\jestAdapterInit.js:122:21)
        at jestAdapter (C:\Users\danie\Escritorio\TRIDENT - PRODUCTION\TRIDENT-BACKEND\backend\node_modules\jest-circus\build\legacy-code-todo-rewrite\jestAdapter.js:79:19)
        at runTestInternal (C:\Users\danie\Escritorio\TRIDENT - PRODUCTION\TRIDENT-BACKEND\backend\node_modules\jest-runner\build\runTest.js:367:16)
        at runTest (C:\Users\danie\Escritorio\TRIDENT - PRODUCTION\TRIDENT-BACKEND\backend\node_modules\jest-runner\build\runTest.js:444:34)

    [0m [90m 85 |[39m     })[33m;[39m
     [90m 86 |[39m   } [36mcatch[39m (error) {
    [31m[1m>[22m[39m[90m 87 |[39m     console[33m.[39merror([32m'Browse projects error:'[39m[33m,[39m error)[33m;[39m
     [90m    |[39m             [31m[1m^[22m[39m
     [90m 88 |[39m     [36mreturn[39m res[33m.[39mstatus([35m500[39m)[33m.[39mjson({ error[33m:[39m [32m'Internal server error'[39m })[33m;[39m
     [90m 89 |[39m   }
     [90m 90 |[39m }[33m;[39m[0m

      at Object.browseProjects (src/controllers/projectController.js:87:13)
      at Object.<anonymous> (tests/unit/projectController.test.js:153:7)

  console.error
    Get public project error: Error: Database error
        at Object.<anonymous> (C:\Users\danie\Escritorio\TRIDENT - PRODUCTION\TRIDENT-BACKEND\backend\tests\unit\projectController.test.js:206:41)
        at Promise.then.completed (C:\Users\danie\Escritorio\TRIDENT - PRODUCTION\TRIDENT-BACKEND\backend\node_modules\jest-circus\build\utils.js:298:28)
        at new Promise (<anonymous>)
        at callAsyncCircusFn (C:\Users\danie\Escritorio\TRIDENT - PRODUCTION\TRIDENT-BACKEND\backend\node_modules\jest-circus\build\utils.js:231:10)
        at _callCircusTest (C:\Users\danie\Escritorio\TRIDENT - PRODUCTION\TRIDENT-BACKEND\backend\node_modules\jest-circus\build\run.js:316:40)
        at _runTest (C:\Users\danie\Escritorio\TRIDENT - PRODUCTION\TRIDENT-BACKEND\backend\node_modules\jest-circus\build\run.js:252:3)
        at _runTestsForDescribeBlock (C:\Users\danie\Escritorio\TRIDENT - PRODUCTION\TRIDENT-BACKEND\backend\node_modules\jest-circus\build\run.js:126:9)
        at _runTestsForDescribeBlock (C:\Users\danie\Escritorio\TRIDENT - PRODUCTION\TRIDENT-BACKEND\backend\node_modules\jest-circus\build\run.js:121:9)
        at _runTestsForDescribeBlock (C:\Users\danie\Escritorio\TRIDENT - PRODUCTION\TRIDENT-BACKEND\backend\node_modules\jest-circus\build\run.js:121:9)
        at run (C:\Users\danie\Escritorio\TRIDENT - PRODUCTION\TRIDENT-BACKEND\backend\node_modules\jest-circus\build\run.js:71:3)
        at runAndTransformResultsToJestFormat (C:\Users\danie\Escritorio\TRIDENT - PRODUCTION\TRIDENT-BACKEND\backend\node_modules\jest-circus\build\legacy-code-todo-rewrite\jestAdapterInit.js:122:21)
        at jestAdapter (C:\Users\danie\Escritorio\TRIDENT - PRODUCTION\TRIDENT-BACKEND\backend\node_modules\jest-circus\build\legacy-code-todo-rewrite\jestAdapter.js:79:19)
        at runTestInternal (C:\Users\danie\Escritorio\TRIDENT - PRODUCTION\TRIDENT-BACKEND\backend\node_modules\jest-runner\build\runTest.js:367:16)
        at runTest (C:\Users\danie\Escritorio\TRIDENT - PRODUCTION\TRIDENT-BACKEND\backend\node_modules\jest-runner\build\runTest.js:444:34)

    [0m [90m 118 |[39m     [36mreturn[39m res[33m.[39mstatus([35m200[39m)[33m.[39mjson({ project })[33m;[39m
     [90m 119 |[39m   } [36mcatch[39m (error) {
    [31m[1m>[22m[39m[90m 120 |[39m     console[33m.[39merror([32m'Get public project error:'[39m[33m,[39m error)[33m;[39m
     [90m     |[39m             [31m[1m^[22m[39m
     [90m 121 |[39m     [36mreturn[39m res[33m.[39mstatus([35m500[39m)[33m.[39mjson({ error[33m:[39m [32m'Internal server error'[39m })[33m;[39m
     [90m 122 |[39m   }
     [90m 123 |[39m }[33m;[39m[0m

      at Object.getPublicProject (src/controllers/projectController.js:120:13)
      at Object.<anonymous> (tests/unit/projectController.test.js:208:7)

node.exe : FAIL tests/unit/projectController.test.js
At C:\Program Files\nodejs\npm.ps1:29 char:3
+   & $NODE_EXE $NPM_CLI_JS $args
+   ~~~~~~~~~~~~~~~~~~~~~~~~~~~~~
    + CategoryInfo          : NotSpecified: (FAIL tests/unit...troller.test.js:String) [], RemoteException
    + FullyQualifiedErrorId : NativeCommandError
 
  Project Controller
    browseProjects
      ΓêÜ should return paginated list of open projects (13 ms)
      ΓêÜ should filter projects by search term (2 ms)
      ΓêÜ should filter projects by methods required (2 ms)
      ΓêÜ should filter projects by budget range (2 ms)
      ΓêÜ should filter projects by data sensitivity (2 ms)
      ΓêÜ should handle database errors (38 ms)
    getPublicProject
      ΓêÜ should return public project details (3 ms)
      ΓêÜ should return 404 if project not found (2 ms)
      ΓêÜ should handle database errors (11 ms)
    createProject
      ΓêÜ should create project for nonprofit user (2 ms)
      ΓêÜ should return 403 if user is not nonprofit (3 ms)
      ΓêÜ should return 404 if user has no organization (2 ms)
      ├ù should validate required fields (4 ms)

  ΓùÅ Project Controller ΓÇ║ createProject ΓÇ║ should validate required fields

    expect(jest.fn()).toHaveBeenCalledWith(...expected)

    Expected: 400
    Received: 404

    Number of calls: 1

    [0m [90m 299 |[39m       [36mawait[39m projectController[33m.[39mcreateProject(req[33m,[39m 
res)[33m;[39m
     [90m 300 |[39m
    [31m[1m>[22m[39m[90m 301 |[39m       
expect(res[33m.[39mstatus)[33m.[39mtoHaveBeenCalledWith([35m400[39m)[33m;[39m
     [90m     |[39m                          [31m[1m^[22m[39m
     [90m 302 |[39m     })[33m;[39m
     [90m 303 |[39m   })[33m;[39m
     [90m 304 |[39m })[33m;[39m[0m

      at Object.<anonymous> (tests/unit/projectController.test.js:301:26)

  console.log
    Γ£ô Test database connected

      at Object.<anonymous> (tests/integration/routes.test.js:25:15)

PASS tests/integration/routes.test.js (8.354 s)
  API Routes Integration
    Authentication Routes
      POST /api/auth/register
        ΓêÜ should register a new user (1151 ms)
        ΓêÜ should return 409 if email already exists (440 ms)
      POST /api/auth/login
        ΓêÜ should login user with valid credentials (708 ms)
        ΓêÜ should return 401 for invalid credentials (693 ms)
    Organization Routes
      GET /api/organizations/me
        ΓêÜ should return authenticated user organization (600 ms)
    Project Routes
      GET /api/projects/browse
        ΓêÜ should return paginated list of projects (569 ms)
        ΓêÜ should filter projects by search term (402 ms)

  console.error
    Get dashboard stats error: Error: Database error
        at Object.<anonymous> (C:\Users\danie\Escritorio\TRIDENT - PRODUCTION\TRIDENT-BACKEND\backend\tests\unit\adminController.test.js:89:41)
        at Promise.then.completed (C:\Users\danie\Escritorio\TRIDENT - PRODUCTION\TRIDENT-BACKEND\backend\node_modules\jest-circus\build\utils.js:298:28)
        at new Promise (<anonymous>)
        at callAsyncCircusFn (C:\Users\danie\Escritorio\TRIDENT - PRODUCTION\TRIDENT-BACKEND\backend\node_modules\jest-circus\build\utils.js:231:10)
        at _callCircusTest (C:\Users\danie\Escritorio\TRIDENT - PRODUCTION\TRIDENT-BACKEND\backend\node_modules\jest-circus\build\run.js:316:40)
        at _runTest (C:\Users\danie\Escritorio\TRIDENT - PRODUCTION\TRIDENT-BACKEND\backend\node_modules\jest-circus\build\run.js:252:3)
        at _runTestsForDescribeBlock (C:\Users\danie\Escritorio\TRIDENT - PRODUCTION\TRIDENT-BACKEND\backend\node_modules\jest-circus\build\run.js:126:9)
        at _runTestsForDescribeBlock (C:\Users\danie\Escritorio\TRIDENT - PRODUCTION\TRIDENT-BACKEND\backend\node_modules\jest-circus\build\run.js:121:9)
        at _runTestsForDescribeBlock (C:\Users\danie\Escritorio\TRIDENT - PRODUCTION\TRIDENT-BACKEND\backend\node_modules\jest-circus\build\run.js:121:9)
        at run (C:\Users\danie\Escritorio\TRIDENT - PRODUCTION\TRIDENT-BACKEND\backend\node_modules\jest-circus\build\run.js:71:3)
        at runAndTransformResultsToJestFormat (C:\Users\danie\Escritorio\TRIDENT - PRODUCTION\TRIDENT-BACKEND\backend\node_modules\jest-circus\build\legacy-code-todo-rewrite\jestAdapterInit.js:122:21)
        at jestAdapter (C:\Users\danie\Escritorio\TRIDENT - PRODUCTION\TRIDENT-BACKEND\backend\node_modules\jest-circus\build\legacy-code-todo-rewrite\jestAdapter.js:79:19)
        at runTestInternal (C:\Users\danie\Escritorio\TRIDENT - PRODUCTION\TRIDENT-BACKEND\backend\node_modules\jest-runner\build\runTest.js:367:16)
        at runTest (C:\Users\danie\Escritorio\TRIDENT - PRODUCTION\TRIDENT-BACKEND\backend\node_modules\jest-runner\build\runTest.js:444:34)

    [0m [90m 29 |[39m     res[33m.[39mstatus([35m200[39m)[33m.[39mjson({ stats[33m:[39m stats[[35m0[39m] })[33m;[39m
     [90m 30 |[39m   } [36mcatch[39m (error) {
    [31m[1m>[22m[39m[90m 31 |[39m     console[33m.[39merror([32m'Get dashboard stats error:'[39m[33m,[39m error)[33m;[39m
     [90m    |[39m             [31m[1m^[22m[39m
     [90m 32 |[39m     res[33m.[39mstatus([35m500[39m)[33m.[39mjson({ error[33m:[39m [32m'Failed to fetch dashboard statistics'[39m })[33m;[39m
     [90m 33 |[39m   }
     [90m 34 |[39m }[33m;[39m[0m

      at Object.getDashboardStats (src/controllers/adminController.js:31:13)
      at Object.<anonymous> (tests/unit/adminController.test.js:91:7)

  console.error
    Get all users error: Error: Database error
        at Object.<anonymous> (C:\Users\danie\Escritorio\TRIDENT - PRODUCTION\TRIDENT-BACKEND\backend\tests\unit\adminController.test.js:176:46)
        at Promise.then.completed (C:\Users\danie\Escritorio\TRIDENT - PRODUCTION\TRIDENT-BACKEND\backend\node_modules\jest-circus\build\utils.js:298:28)
        at new Promise (<anonymous>)
        at callAsyncCircusFn (C:\Users\danie\Escritorio\TRIDENT - PRODUCTION\TRIDENT-BACKEND\backend\node_modules\jest-circus\build\utils.js:231:10)
        at _callCircusTest (C:\Users\danie\Escritorio\TRIDENT - PRODUCTION\TRIDENT-BACKEND\backend\node_modules\jest-circus\build\run.js:316:40)
        at _runTest (C:\Users\danie\Escritorio\TRIDENT - PRODUCTION\TRIDENT-BACKEND\backend\node_modules\jest-circus\build\run.js:252:3)
        at _runTestsForDescribeBlock (C:\Users\danie\Escritorio\TRIDENT - PRODUCTION\TRIDENT-BACKEND\backend\node_modules\jest-circus\build\run.js:126:9)
        at _runTestsForDescribeBlock (C:\Users\danie\Escritorio\TRIDENT - PRODUCTION\TRIDENT-BACKEND\backend\node_modules\jest-circus\build\run.js:121:9)
        at _runTestsForDescribeBlock (C:\Users\danie\Escritorio\TRIDENT - PRODUCTION\TRIDENT-BACKEND\backend\node_modules\jest-circus\build\run.js:121:9)
        at run (C:\Users\danie\Escritorio\TRIDENT - PRODUCTION\TRIDENT-BACKEND\backend\node_modules\jest-circus\build\run.js:71:3)
        at runAndTransformResultsToJestFormat (C:\Users\danie\Escritorio\TRIDENT - PRODUCTION\TRIDENT-BACKEND\backend\node_modules\jest-circus\build\legacy-code-todo-rewrite\jestAdapterInit.js:122:21)
        at jestAdapter (C:\Users\danie\Escritorio\TRIDENT - PRODUCTION\TRIDENT-BACKEND\backend\node_modules\jest-circus\build\legacy-code-todo-rewrite\jestAdapter.js:79:19)
        at runTestInternal (C:\Users\danie\Escritorio\TRIDENT - PRODUCTION\TRIDENT-BACKEND\backend\node_modules\jest-runner\build\runTest.js:367:16)
        at runTest (C:\Users\danie\Escritorio\TRIDENT - PRODUCTION\TRIDENT-BACKEND\backend\node_modules\jest-runner\build\runTest.js:444:34)

    [0m [90m 106 |[39m     })[33m;[39m
     [90m 107 |[39m   } [36mcatch[39m (error) {
    [31m[1m>[22m[39m[90m 108 |[39m     console[33m.[39merror([32m'Get all users error:'[39m[33m,[39m error)[33m;[39m
     [90m     |[39m             [31m[1m^[22m[39m
     [90m 109 |[39m     res[33m.[39mstatus([35m500[39m)[33m.[39mjson({ error[33m:[39m [32m'Failed to fetch users'[39m })[33m;[39m
     [90m 110 |[39m   }
     [90m 111 |[39m }[33m;[39m[0m

      at Object.getAllUsers (src/controllers/adminController.js:108:13)
      at Object.<anonymous> (tests/unit/adminController.test.js:178:7)

  console.error
    Get user details error: Error: Database error
        at Object.<anonymous> (C:\Users\danie\Escritorio\TRIDENT - PRODUCTION\TRIDENT-BACKEND\backend\tests\unit\adminController.test.js:223:39)
        at Promise.then.completed (C:\Users\danie\Escritorio\TRIDENT - PRODUCTION\TRIDENT-BACKEND\backend\node_modules\jest-circus\build\utils.js:298:28)
        at new Promise (<anonymous>)
        at callAsyncCircusFn (C:\Users\danie\Escritorio\TRIDENT - PRODUCTION\TRIDENT-BACKEND\backend\node_modules\jest-circus\build\utils.js:231:10)
        at _callCircusTest (C:\Users\danie\Escritorio\TRIDENT - PRODUCTION\TRIDENT-BACKEND\backend\node_modules\jest-circus\build\run.js:316:40)
        at _runTest (C:\Users\danie\Escritorio\TRIDENT - PRODUCTION\TRIDENT-BACKEND\backend\node_modules\jest-circus\build\run.js:252:3)
        at _runTestsForDescribeBlock (C:\Users\danie\Escritorio\TRIDENT - PRODUCTION\TRIDENT-BACKEND\backend\node_modules\jest-circus\build\run.js:126:9)
        at _runTestsForDescribeBlock (C:\Users\danie\Escritorio\TRIDENT - PRODUCTION\TRIDENT-BACKEND\backend\node_modules\jest-circus\build\run.js:121:9)
        at _runTestsForDescribeBlock (C:\Users\danie\Escritorio\TRIDENT - PRODUCTION\TRIDENT-BACKEND\backend\node_modules\jest-circus\build\run.js:121:9)
        at run (C:\Users\danie\Escritorio\TRIDENT - PRODUCTION\TRIDENT-BACKEND\backend\node_modules\jest-circus\build\run.js:71:3)
        at runAndTransformResultsToJestFormat (C:\Users\danie\Escritorio\TRIDENT - PRODUCTION\TRIDENT-BACKEND\backend\node_modules\jest-circus\build\legacy-code-todo-rewrite\jestAdapterInit.js:122:21)
        at jestAdapter (C:\Users\danie\Escritorio\TRIDENT - PRODUCTION\TRIDENT-BACKEND\backend\node_modules\jest-circus\build\legacy-code-todo-rewrite\jestAdapter.js:79:19)
        at runTestInternal (C:\Users\danie\Escritorio\TRIDENT - PRODUCTION\TRIDENT-BACKEND\backend\node_modules\jest-runner\build\runTest.js:367:16)
        at runTest (C:\Users\danie\Escritorio\TRIDENT - PRODUCTION\TRIDENT-BACKEND\backend\node_modules\jest-runner\build\runTest.js:444:34)

    [0m [90m 139 |[39m     res[33m.[39mstatus([35m200[39m)[33m.[39mjson({ user })[33m;[39m
     [90m 140 |[39m   } [36mcatch[39m (error) {
    [31m[1m>[22m[39m[90m 141 |[39m     console[33m.[39merror([32m'Get user details error:'[39m[33m,[39m error)[33m;[39m
     [90m     |[39m             [31m[1m^[22m[39m
     [90m 142 |[39m     res[33m.[39mstatus([35m500[39m)[33m.[39mjson({ error[33m:[39m [32m'Failed to fetch user details'[39m })[33m;[39m
     [90m 143 |[39m   }
     [90m 144 |[39m }[33m;[39m[0m

      at Object.getUserDetails (src/controllers/adminController.js:141:13)
      at Object.<anonymous> (tests/unit/adminController.test.js:225:7)

PASS tests/unit/adminController.test.js
  Admin Controller
    getDashboardStats
      ΓêÜ should return dashboard statistics successfully (21 ms)
      ΓêÜ should handle database errors (38 ms)
    getAllUsers
      ΓêÜ should return paginated list of users (9 ms)
      ΓêÜ should filter users by role (5 ms)
      ΓêÜ should filter users by status (4 ms)
      ΓêÜ should search users by name or email (6 ms)
      ΓêÜ should handle database errors (40 ms)
    getUserDetails
      ΓêÜ should return user details with associations (7 ms)
      ΓêÜ should return 404 if user not found (4 ms)
      ΓêÜ should handle database errors (28 ms)
    updateUserStatus
      ΓêÜ should update user status to active (8 ms)
      ΓêÜ should return 400 for invalid status (6 ms)
      ΓêÜ should return 404 if user not found (4 ms)

  console.log
    Milestone create auth: { userId: 1, userOrgId: 1, projectOrgId: 1 }

      at Object.<anonymous>.exports.createMilestone (src/controllers/milestoneController.js:40:13)

  console.log
    Milestone create auth: { userId: 1, userOrgId: 1, projectOrgId: 2 }

      at Object.<anonymous>.exports.createMilestone (src/controllers/milestoneController.js:40:13)

  console.log
    Milestone create auth: { userId: 1, userOrgId: 1, projectOrgId: 1 }

      at Object.<anonymous>.exports.createMilestone (src/controllers/milestoneController.js:40:13)

PASS tests/unit/milestoneController.test.js
  Milestone Controller
    createMilestone
      ΓêÜ should create milestone successfully (9 ms)
      ΓêÜ should return 400 if milestone name is missing (2 ms)
      ΓêÜ should return 404 if project not found (2 ms)
      ΓêÜ should return 403 if user is not nonprofit (2 ms)
      ΓêÜ should return 403 if user does not own the project (2 ms)
      ΓêÜ should return 400 for invalid status (4 ms)
    getMilestones
      ΓêÜ should return all milestones for a project (2 ms)
      ΓêÜ should filter milestones by status (1 ms)
      ΓêÜ should return 404 if project not found (2 ms)
      ΓêÜ should return 400 for invalid status filter (3 ms)

  console.error
    Get profile error: Error: Database error
        at Object.<anonymous> (C:\Users\danie\Escritorio\TRIDENT - PRODUCTION\TRIDENT-BACKEND\backend\tests\unit\userController.test.js:83:39)
        at Promise.then.completed (C:\Users\danie\Escritorio\TRIDENT - PRODUCTION\TRIDENT-BACKEND\backend\node_modules\jest-circus\build\utils.js:298:28)
        at new Promise (<anonymous>)
        at callAsyncCircusFn (C:\Users\danie\Escritorio\TRIDENT - PRODUCTION\TRIDENT-BACKEND\backend\node_modules\jest-circus\build\utils.js:231:10)
        at _callCircusTest (C:\Users\danie\Escritorio\TRIDENT - PRODUCTION\TRIDENT-BACKEND\backend\node_modules\jest-circus\build\run.js:316:40)
        at _runTest (C:\Users\danie\Escritorio\TRIDENT - PRODUCTION\TRIDENT-BACKEND\backend\node_modules\jest-circus\build\run.js:252:3)
        at _runTestsForDescribeBlock (C:\Users\danie\Escritorio\TRIDENT - PRODUCTION\TRIDENT-BACKEND\backend\node_modules\jest-circus\build\run.js:126:9)
        at _runTestsForDescribeBlock (C:\Users\danie\Escritorio\TRIDENT - PRODUCTION\TRIDENT-BACKEND\backend\node_modules\jest-circus\build\run.js:121:9)
        at _runTestsForDescribeBlock (C:\Users\danie\Escritorio\TRIDENT - PRODUCTION\TRIDENT-BACKEND\backend\node_modules\jest-circus\build\run.js:121:9)
        at run (C:\Users\danie\Escritorio\TRIDENT - PRODUCTION\TRIDENT-BACKEND\backend\node_modules\jest-circus\build\run.js:71:3)
        at runAndTransformResultsToJestFormat (C:\Users\danie\Escritorio\TRIDENT - PRODUCTION\TRIDENT-BACKEND\backend\node_modules\jest-circus\build\legacy-code-todo-rewrite\jestAdapterInit.js:122:21)
        at jestAdapter (C:\Users\danie\Escritorio\TRIDENT - PRODUCTION\TRIDENT-BACKEND\backend\node_modules\jest-circus\build\legacy-code-todo-rewrite\jestAdapter.js:79:19)
        at runTestInternal (C:\Users\danie\Escritorio\TRIDENT - PRODUCTION\TRIDENT-BACKEND\backend\node_modules\jest-runner\build\runTest.js:367:16)
        at runTest (C:\Users\danie\Escritorio\TRIDENT - PRODUCTION\TRIDENT-BACKEND\backend\node_modules\jest-runner\build\runTest.js:444:34)

    [0m [90m 37 |[39m     [36mreturn[39m res[33m.[39mstatus([35m200[39m)[33m.[39mjson({ user })[33m;[39m
     [90m 38 |[39m   } [36mcatch[39m (error) {
    [31m[1m>[22m[39m[90m 39 |[39m     console[33m.[39merror([32m'Get profile error:'[39m[33m,[39m error)[33m;[39m
     [90m    |[39m             [31m[1m^[22m[39m
     [90m 40 |[39m     [36mreturn[39m res[33m.[39mstatus([35m500[39m)[33m.[39mjson({ error[33m:[39m [32m'Internal server error'[39m })[33m;[39m
     [90m 41 |[39m   }
     [90m 42 |[39m }[33m;[39m[0m

      at Object.getUserProfile (src/controllers/userController.js:39:13)
      at Object.<anonymous> (tests/unit/userController.test.js:85:7)

  console.error
    Get preferences error: Error: Database error
        at Object.<anonymous> (C:\Users\danie\Escritorio\TRIDENT - PRODUCTION\TRIDENT-BACKEND\backend\tests\unit\userController.test.js:311:49)
        at Promise.then.completed (C:\Users\danie\Escritorio\TRIDENT - PRODUCTION\TRIDENT-BACKEND\backend\node_modules\jest-circus\build\utils.js:298:28)
        at new Promise (<anonymous>)
        at callAsyncCircusFn (C:\Users\danie\Escritorio\TRIDENT - PRODUCTION\TRIDENT-BACKEND\backend\node_modules\jest-circus\build\utils.js:231:10)
        at _callCircusTest (C:\Users\danie\Escritorio\TRIDENT - PRODUCTION\TRIDENT-BACKEND\backend\node_modules\jest-circus\build\run.js:316:40)
        at _runTest (C:\Users\danie\Escritorio\TRIDENT - PRODUCTION\TRIDENT-BACKEND\backend\node_modules\jest-circus\build\run.js:252:3)
        at _runTestsForDescribeBlock (C:\Users\danie\Escritorio\TRIDENT - PRODUCTION\TRIDENT-BACKEND\backend\node_modules\jest-circus\build\run.js:126:9)
        at _runTestsForDescribeBlock (C:\Users\danie\Escritorio\TRIDENT - PRODUCTION\TRIDENT-BACKEND\backend\node_modules\jest-circus\build\run.js:121:9)
        at _runTestsForDescribeBlock (C:\Users\danie\Escritorio\TRIDENT - PRODUCTION\TRIDENT-BACKEND\backend\node_modules\jest-circus\build\run.js:121:9)
        at run (C:\Users\danie\Escritorio\TRIDENT - PRODUCTION\TRIDENT-BACKEND\backend\node_modules\jest-circus\build\run.js:71:3)
        at runAndTransformResultsToJestFormat (C:\Users\danie\Escritorio\TRIDENT - PRODUCTION\TRIDENT-BACKEND\backend\node_modules\jest-circus\build\legacy-code-todo-rewrite\jestAdapterInit.js:122:21)
        at jestAdapter (C:\Users\danie\Escritorio\TRIDENT - PRODUCTION\TRIDENT-BACKEND\backend\node_modules\jest-circus\build\legacy-code-todo-rewrite\jestAdapter.js:79:19)
        at runTestInternal (C:\Users\danie\Escritorio\TRIDENT - PRODUCTION\TRIDENT-BACKEND\backend\node_modules\jest-runner\build\runTest.js:367:16)
        at runTest (C:\Users\danie\Escritorio\TRIDENT - PRODUCTION\TRIDENT-BACKEND\backend\node_modules\jest-runner\build\runTest.js:444:34)

    [0m [90m 152 |[39m     [36mreturn[39m res[33m.[39mstatus([35m200[39m)[33m.[39mjson({ preferences })[33m;[39m
     [90m 153 |[39m   } [36mcatch[39m (error) {
    [31m[1m>[22m[39m[90m 154 |[39m     console[33m.[39merror([32m'Get preferences error:'[39m[33m,[39m error)[33m;[39m
     [90m     |[39m             [31m[1m^[22m[39m
     [90m 155 |[39m     [36mreturn[39m res[33m.[39mstatus([35m500[39m)[33m.[39mjson({ error[33m:[39m [32m'Internal server error'[39m })[33m;[39m
     [90m 156 |[39m   }
     [90m 157 |[39m }[33m;[39m[0m

      at Object.getPreferences (src/controllers/userController.js:154:13)
      at Object.<anonymous> (tests/unit/userController.test.js:313:7)

  console.error
    Delete account error: Error: Database error
        at Object.<anonymous> (C:\Users\danie\Escritorio\TRIDENT - PRODUCTION\TRIDENT-BACKEND\backend\tests\unit\userController.test.js:458:46)
        at Promise.then.completed (C:\Users\danie\Escritorio\TRIDENT - PRODUCTION\TRIDENT-BACKEND\backend\node_modules\jest-circus\build\utils.js:298:28)
        at new Promise (<anonymous>)
        at callAsyncCircusFn (C:\Users\danie\Escritorio\TRIDENT - PRODUCTION\TRIDENT-BACKEND\backend\node_modules\jest-circus\build\utils.js:231:10)
        at _callCircusTest (C:\Users\danie\Escritorio\TRIDENT - PRODUCTION\TRIDENT-BACKEND\backend\node_modules\jest-circus\build\run.js:316:40)
        at _runTest (C:\Users\danie\Escritorio\TRIDENT - PRODUCTION\TRIDENT-BACKEND\backend\node_modules\jest-circus\build\run.js:252:3)
        at _runTestsForDescribeBlock (C:\Users\danie\Escritorio\TRIDENT - PRODUCTION\TRIDENT-BACKEND\backend\node_modules\jest-circus\build\run.js:126:9)
        at _runTestsForDescribeBlock (C:\Users\danie\Escritorio\TRIDENT - PRODUCTION\TRIDENT-BACKEND\backend\node_modules\jest-circus\build\run.js:121:9)
        at _runTestsForDescribeBlock (C:\Users\danie\Escritorio\TRIDENT - PRODUCTION\TRIDENT-BACKEND\backend\node_modules\jest-circus\build\run.js:121:9)
        at run (C:\Users\danie\Escritorio\TRIDENT - PRODUCTION\TRIDENT-BACKEND\backend\node_modules\jest-circus\build\run.js:71:3)
        at runAndTransformResultsToJestFormat (C:\Users\danie\Escritorio\TRIDENT - PRODUCTION\TRIDENT-BACKEND\backend\node_modules\jest-circus\build\legacy-code-todo-rewrite\jestAdapterInit.js:122:21)
        at jestAdapter (C:\Users\danie\Escritorio\TRIDENT - PRODUCTION\TRIDENT-BACKEND\backend\node_modules\jest-circus\build\legacy-code-todo-rewrite\jestAdapter.js:79:19)
        at runTestInternal (C:\Users\danie\Escritorio\TRIDENT - PRODUCTION\TRIDENT-BACKEND\backend\node_modules\jest-runner\build\runTest.js:367:16)
        at runTest (C:\Users\danie\Escritorio\TRIDENT - PRODUCTION\TRIDENT-BACKEND\backend\node_modules\jest-runner\build\runTest.js:444:34)

    [0m [90m 234 |[39m     })[33m;[39m
     [90m 235 |[39m   } [36mcatch[39m (error) {
    [31m[1m>[22m[39m[90m 236 |[39m     console[33m.[39merror([32m'Delete account error:'[39m[33m,[39m error)[33m;[39m
     [90m     |[39m             [31m[1m^[22m[39m
     [90m 237 |[39m     [36mreturn[39m res[33m.[39mstatus([35m500[39m)[33m.[39mjson({ error[33m:[39m [32m'Internal server error'[39m })[33m;[39m
     [90m 238 |[39m   }
     [90m 239 |[39m }[33m;[39m[0m

      at Object.deleteAccount (src/controllers/userController.js:236:13)
      at Object.<anonymous> (tests/unit/userController.test.js:463:7)

PASS tests/unit/userController.test.js
  User Controller
    getUserProfile
      ΓêÜ should return user profile with all associations (3 ms)
      ΓêÜ should return 404 if user not found (1 ms)
      ΓêÜ should handle database errors (9 ms)
    updateUserProfile
      ΓêÜ should update user name successfully (3 ms)
      ΓêÜ should update user email if not already taken (2 ms)
      ΓêÜ should return 409 if new email is already taken (1 ms)
      ΓêÜ should return 400 if no update fields provided (1 ms)
      ΓêÜ should return 404 if user not found (2 ms)
    changePassword
      ΓêÜ should change password with valid current password (4 ms)
      ΓêÜ should return 400 if required fields missing (2 ms)
      ΓêÜ should return 400 if new password is too short (1 ms)
      ΓêÜ should return 401 if current password is incorrect (2 ms)
      ΓêÜ should return 404 if user not found (1 ms)
    getPreferences
      ΓêÜ should return existing preferences (2 ms)
      ΓêÜ should create default preferences if none exist (1 ms)
      ΓêÜ should handle database errors (4 ms)
    updatePreferences
      ΓêÜ should update existing preferences (4 ms)
      ΓêÜ should create preferences if none exist (3 ms)
      ΓêÜ should ignore non-boolean values (1 ms)
      ΓêÜ should ignore invalid field names (1 ms)
      ΓêÜ should return 400 if no valid fields provided (1 ms)
    deleteAccount
      ΓêÜ should soft delete user account (2 ms)
      ΓêÜ should return 404 if user not found (1 ms)
      ΓêÜ should handle database errors (10 ms)

  console.error
    Get researcher profile error: Error: Database error
        at Object.<anonymous> (C:\Users\danie\Escritorio\TRIDENT - PRODUCTION\TRIDENT-BACKEND\backend\tests\unit\researcherController.test.js:92:51)
        at Promise.then.completed (C:\Users\danie\Escritorio\TRIDENT - PRODUCTION\TRIDENT-BACKEND\backend\node_modules\jest-circus\build\utils.js:298:28)
        at new Promise (<anonymous>)
        at callAsyncCircusFn (C:\Users\danie\Escritorio\TRIDENT - PRODUCTION\TRIDENT-BACKEND\backend\node_modules\jest-circus\build\utils.js:231:10)
        at _callCircusTest (C:\Users\danie\Escritorio\TRIDENT - PRODUCTION\TRIDENT-BACKEND\backend\node_modules\jest-circus\build\run.js:316:40)
        at _runTest (C:\Users\danie\Escritorio\TRIDENT - PRODUCTION\TRIDENT-BACKEND\backend\node_modules\jest-circus\build\run.js:252:3)
        at _runTestsForDescribeBlock (C:\Users\danie\Escritorio\TRIDENT - PRODUCTION\TRIDENT-BACKEND\backend\node_modules\jest-circus\build\run.js:126:9)
        at _runTestsForDescribeBlock (C:\Users\danie\Escritorio\TRIDENT - PRODUCTION\TRIDENT-BACKEND\backend\node_modules\jest-circus\build\run.js:121:9)
        at _runTestsForDescribeBlock (C:\Users\danie\Escritorio\TRIDENT - PRODUCTION\TRIDENT-BACKEND\backend\node_modules\jest-circus\build\run.js:121:9)
        at run (C:\Users\danie\Escritorio\TRIDENT - PRODUCTION\TRIDENT-BACKEND\backend\node_modules\jest-circus\build\run.js:71:3)
        at runAndTransformResultsToJestFormat (C:\Users\danie\Escritorio\TRIDENT - PRODUCTION\TRIDENT-BACKEND\backend\node_modules\jest-circus\build\legacy-code-todo-rewrite\jestAdapterInit.js:122:21)
        at jestAdapter (C:\Users\danie\Escritorio\TRIDENT - PRODUCTION\TRIDENT-BACKEND\backend\node_modules\jest-circus\build\legacy-code-todo-rewrite\jestAdapter.js:79:19)
        at runTestInternal (C:\Users\danie\Escritorio\TRIDENT - PRODUCTION\TRIDENT-BACKEND\backend\node_modules\jest-runner\build\runTest.js:367:16)
        at runTest (C:\Users\danie\Escritorio\TRIDENT - PRODUCTION\TRIDENT-BACKEND\backend\node_modules\jest-runner\build\runTest.js:444:34)

    [0m [90m 22 |[39m     [36mreturn[39m res[33m.[39mstatus([35m200[39m)[33m.[39mjson({ profile })[33m;[39m
     [90m 23 |[39m   } [36mcatch[39m (error) {
    [31m[1m>[22m[39m[90m 24 |[39m     console[33m.[39merror([32m'Get researcher profile error:'[39m[33m,[39m error)[33m;[39m
     [90m    |[39m             [31m[1m^[22m[39m
     [90m 25 |[39m     [36mreturn[39m res[33m.[39mstatus([35m500[39m)[33m.[39mjson({ error[33m:[39m [32m'Internal server error'[39m })[33m;[39m
     [90m 26 |[39m   }
     [90m 27 |[39m }[33m;[39m[0m

      at Object.getResearcherProfile (src/controllers/researcherController.js:24:13)
      at Object.<anonymous> (tests/unit/researcherController.test.js:94:7)

  console.error
    Get academic history error: Error: Database error
        at Object.<anonymous> (C:\Users\danie\Escritorio\TRIDENT - PRODUCTION\TRIDENT-BACKEND\backend\tests\unit\researcherController.test.js:224:49)
        at Promise.then.completed (C:\Users\danie\Escritorio\TRIDENT - PRODUCTION\TRIDENT-BACKEND\backend\node_modules\jest-circus\build\utils.js:298:28)
        at new Promise (<anonymous>)
        at callAsyncCircusFn (C:\Users\danie\Escritorio\TRIDENT - PRODUCTION\TRIDENT-BACKEND\backend\node_modules\jest-circus\build\utils.js:231:10)
        at _callCircusTest (C:\Users\danie\Escritorio\TRIDENT - PRODUCTION\TRIDENT-BACKEND\backend\node_modules\jest-circus\build\run.js:316:40)
        at _runTest (C:\Users\danie\Escritorio\TRIDENT - PRODUCTION\TRIDENT-BACKEND\backend\node_modules\jest-circus\build\run.js:252:3)
        at _runTestsForDescribeBlock (C:\Users\danie\Escritorio\TRIDENT - PRODUCTION\TRIDENT-BACKEND\backend\node_modules\jest-circus\build\run.js:126:9)
        at _runTestsForDescribeBlock (C:\Users\danie\Escritorio\TRIDENT - PRODUCTION\TRIDENT-BACKEND\backend\node_modules\jest-circus\build\run.js:121:9)
        at _runTestsForDescribeBlock (C:\Users\danie\Escritorio\TRIDENT - PRODUCTION\TRIDENT-BACKEND\backend\node_modules\jest-circus\build\run.js:121:9)
        at run (C:\Users\danie\Escritorio\TRIDENT - PRODUCTION\TRIDENT-BACKEND\backend\node_modules\jest-circus\build\run.js:71:3)
        at runAndTransformResultsToJestFormat (C:\Users\danie\Escritorio\TRIDENT - PRODUCTION\TRIDENT-BACKEND\backend\node_modules\jest-circus\build\legacy-code-todo-rewrite\jestAdapterInit.js:122:21)
        at jestAdapter (C:\Users\danie\Escritorio\TRIDENT - PRODUCTION\TRIDENT-BACKEND\backend\node_modules\jest-circus\build\legacy-code-todo-rewrite\jestAdapter.js:79:19)
        at runTestInternal (C:\Users\danie\Escritorio\TRIDENT - PRODUCTION\TRIDENT-BACKEND\backend\node_modules\jest-runner\build\runTest.js:367:16)
        at runTest (C:\Users\danie\Escritorio\TRIDENT - PRODUCTION\TRIDENT-BACKEND\backend\node_modules\jest-runner\build\runTest.js:444:34)

    [0m [90m 106 |[39m     [36mreturn[39m res[33m.[39mstatus([35m200[39m)[33m.[39mjson({ academics })[33m;[39m
     [90m 107 |[39m   } [36mcatch[39m (error) {
    [31m[1m>[22m[39m[90m 108 |[39m     console[33m.[39merror([32m'Get academic history error:'[39m[33m,[39m error)[33m;[39m
     [90m     |[39m             [31m[1m^[22m[39m
     [90m 109 |[39m     [36mreturn[39m res[33m.[39mstatus([35m500[39m)[33m.[39mjson({ error[33m:[39m [32m'Internal server error'[39m })[33m;[39m
     [90m 110 |[39m   }
     [90m 111 |[39m }[33m;[39m[0m

      at Object.getAcademicHistory (src/controllers/researcherController.js:108:13)
      at Object.<anonymous> (tests/unit/researcherController.test.js:226:7)

  console.error
    Create academic history error: Error: Database error
        at Object.<anonymous> (C:\Users\danie\Escritorio\TRIDENT - PRODUCTION\TRIDENT-BACKEND\backend\tests\unit\researcherController.test.js:279:48)
        at Promise.then.completed (C:\Users\danie\Escritorio\TRIDENT - PRODUCTION\TRIDENT-BACKEND\backend\node_modules\jest-circus\build\utils.js:298:28)
        at new Promise (<anonymous>)
        at callAsyncCircusFn (C:\Users\danie\Escritorio\TRIDENT - PRODUCTION\TRIDENT-BACKEND\backend\node_modules\jest-circus\build\utils.js:231:10)
        at _callCircusTest (C:\Users\danie\Escritorio\TRIDENT - PRODUCTION\TRIDENT-BACKEND\backend\node_modules\jest-circus\build\run.js:316:40)
        at _runTest (C:\Users\danie\Escritorio\TRIDENT - PRODUCTION\TRIDENT-BACKEND\backend\node_modules\jest-circus\build\run.js:252:3)
        at _runTestsForDescribeBlock (C:\Users\danie\Escritorio\TRIDENT - PRODUCTION\TRIDENT-BACKEND\backend\node_modules\jest-circus\build\run.js:126:9)
        at _runTestsForDescribeBlock (C:\Users\danie\Escritorio\TRIDENT - PRODUCTION\TRIDENT-BACKEND\backend\node_modules\jest-circus\build\run.js:121:9)
        at _runTestsForDescribeBlock (C:\Users\danie\Escritorio\TRIDENT - PRODUCTION\TRIDENT-BACKEND\backend\node_modules\jest-circus\build\run.js:121:9)
        at run (C:\Users\danie\Escritorio\TRIDENT - PRODUCTION\TRIDENT-BACKEND\backend\node_modules\jest-circus\build\run.js:71:3)
        at runAndTransformResultsToJestFormat (C:\Users\danie\Escritorio\TRIDENT - PRODUCTION\TRIDENT-BACKEND\backend\node_modules\jest-circus\build\legacy-code-todo-rewrite\jestAdapterInit.js:122:21)
        at jestAdapter (C:\Users\danie\Escritorio\TRIDENT - PRODUCTION\TRIDENT-BACKEND\backend\node_modules\jest-circus\build\legacy-code-todo-rewrite\jestAdapter.js:79:19)
        at runTestInternal (C:\Users\danie\Escritorio\TRIDENT - PRODUCTION\TRIDENT-BACKEND\backend\node_modules\jest-runner\build\runTest.js:367:16)
        at runTest (C:\Users\danie\Escritorio\TRIDENT - PRODUCTION\TRIDENT-BACKEND\backend\node_modules\jest-runner\build\runTest.js:444:34)

    [0m [90m 137 |[39m     })[33m;[39m
     [90m 138 |[39m   } [36mcatch[39m (error) {
    [31m[1m>[22m[39m[90m 139 |[39m     console[33m.[39merror([32m'Create academic history error:'[39m[33m,[39m error)[33m;[39m
     [90m     |[39m             [31m[1m^[22m[39m
     [90m 140 |[39m     [36mreturn[39m res[33m.[39mstatus([35m500[39m)[33m.[39mjson({ error[33m:[39m [32m'Internal server error'[39m })[33m;[39m
     [90m 141 |[39m   }
     [90m 142 |[39m }[33m;[39m[0m

      at Object.createAcademicHistory (src/controllers/researcherController.js:139:13)
      at Object.<anonymous> (tests/unit/researcherController.test.js:281:7)

PASS tests/unit/researcherController.test.js
  Researcher Controller
    getResearcherProfile
      ΓêÜ should return researcher profile (5 ms)
      ΓêÜ should return 403 if user is not researcher (3 ms)
      ΓêÜ should return 404 if profile not found (2 ms)
      ΓêÜ should handle database errors (15 ms)
    updateResearcherProfile
      ΓêÜ should update researcher profile successfully (3 ms)
      ΓêÜ should return 403 if user is not researcher (2 ms)
      ΓêÜ should validate hourly rate range (2 ms)
      ΓêÜ should return 400 if no valid fields provided (7 ms)
      ΓêÜ should filter out disallowed fields (3 ms)
    getAcademicHistory
      ΓêÜ should return academic history for user (3 ms)
      ΓêÜ should handle database errors (8 ms)
    createAcademicHistory
      ΓêÜ should create academic history entry (3 ms)
      ΓêÜ should return 400 if required fields missing (3 ms)
      ΓêÜ should handle database errors (8 ms)
    updateAcademicHistory
      ΓêÜ should update academic history entry (4 ms)
      ΓêÜ should return 404 if academic entry not found (2 ms)

  console.error
    Authentication error: Error: Database error
        at Object.<anonymous> (C:\Users\danie\Escritorio\TRIDENT - PRODUCTION\TRIDENT-BACKEND\backend\tests\unit\auth.middleware.test.js:194:39)
        at Promise.then.completed (C:\Users\danie\Escritorio\TRIDENT - PRODUCTION\TRIDENT-BACKEND\backend\node_modules\jest-circus\build\utils.js:298:28)
        at new Promise (<anonymous>)
        at callAsyncCircusFn (C:\Users\danie\Escritorio\TRIDENT - PRODUCTION\TRIDENT-BACKEND\backend\node_modules\jest-circus\build\utils.js:231:10)
        at _callCircusTest (C:\Users\danie\Escritorio\TRIDENT - PRODUCTION\TRIDENT-BACKEND\backend\node_modules\jest-circus\build\run.js:316:40)
        at _runTest (C:\Users\danie\Escritorio\TRIDENT - PRODUCTION\TRIDENT-BACKEND\backend\node_modules\jest-circus\build\run.js:252:3)
        at _runTestsForDescribeBlock (C:\Users\danie\Escritorio\TRIDENT - PRODUCTION\TRIDENT-BACKEND\backend\node_modules\jest-circus\build\run.js:126:9)
        at _runTestsForDescribeBlock (C:\Users\danie\Escritorio\TRIDENT - PRODUCTION\TRIDENT-BACKEND\backend\node_modules\jest-circus\build\run.js:121:9)
        at _runTestsForDescribeBlock (C:\Users\danie\Escritorio\TRIDENT - PRODUCTION\TRIDENT-BACKEND\backend\node_modules\jest-circus\build\run.js:121:9)
        at run (C:\Users\danie\Escritorio\TRIDENT - PRODUCTION\TRIDENT-BACKEND\backend\node_modules\jest-circus\build\run.js:71:3)
        at runAndTransformResultsToJestFormat (C:\Users\danie\Escritorio\TRIDENT - PRODUCTION\TRIDENT-BACKEND\backend\node_modules\jest-circus\build\legacy-code-todo-rewrite\jestAdapterInit.js:122:21)
        at jestAdapter (C:\Users\danie\Escritorio\TRIDENT - PRODUCTION\TRIDENT-BACKEND\backend\node_modules\jest-circus\build\legacy-code-todo-rewrite\jestAdapter.js:79:19)
        at runTestInternal (C:\Users\danie\Escritorio\TRIDENT - PRODUCTION\TRIDENT-BACKEND\backend\node_modules\jest-runner\build\runTest.js:367:16)
        at runTest (C:\Users\danie\Escritorio\TRIDENT - PRODUCTION\TRIDENT-BACKEND\backend\node_modules\jest-runner\build\runTest.js:444:34)

    [0m [90m 51 |[39m       [36mreturn[39m res[33m.[39mstatus([35m401[39m)[33m.[39mjson({ error[33m:[39m [32m'Token expired'[39m })[33m;[39m
     [90m 52 |[39m     }
    [31m[1m>[22m[39m[90m 53 |[39m     console[33m.[39merror([32m'Authentication error:'[39m[33m,[39m error)[33m;[39m
     [90m    |[39m             [31m[1m^[22m[39m
     [90m 54 |[39m     [36mreturn[39m res[33m.[39mstatus([35m500[39m)[33m.[39mjson({ error[33m:[39m [32m'Internal server error'[39m })[33m;[39m
     [90m 55 |[39m   }
     [90m 56 |[39m }[33m;[39m[0m

      at authenticate (src/middleware/auth.js:53:13)
      at Object.<anonymous> (tests/unit/auth.middleware.test.js:196:7)

PASS tests/unit/auth.middleware.test.js
  Authentication Middleware
    authenticate
      ΓêÜ should authenticate user with valid token (3 ms)
      ΓêÜ should return 401 if no authorization header (1 ms)
      ΓêÜ should return 401 if authorization header missing Bearer prefix (1 ms)
      ΓêÜ should return 401 if token is invalid (2 ms)
      ΓêÜ should return 401 if token is expired (1 ms)
      ΓêÜ should return 401 if user not found (2 ms)
      ΓêÜ should return 401 if user is soft-deleted (1 ms)
      ΓêÜ should return 401 if account is suspended (1 ms)
      ΓêÜ should return 401 if account is pending (2 ms)
      ΓêÜ should handle unexpected errors gracefully (6 ms)
    requireAdmin
      ΓêÜ should allow access for admin users (1 ms)
      ΓêÜ should deny access for non-admin users (2 ms)
      ΓêÜ should deny access for nonprofit users (1 ms)
    requireNonprofit
      ΓêÜ should allow access for nonprofit users (2 ms)
      ΓêÜ should deny access for non-nonprofit users (2 ms)
      ΓêÜ should deny access for admin users (2 ms)
    requireResearcher
      ΓêÜ should allow access for researcher users (1 ms)
      ΓêÜ should deny access for non-researcher users (1 ms)
      ΓêÜ should deny access for admin users (2 ms)

  console.error
    register error Error: Database error
        at Object.<anonymous> (C:\Users\danie\Escritorio\TRIDENT - PRODUCTION\TRIDENT-BACKEND\backend\tests\unit\authController.test.js:195:46)
        at Promise.then.completed (C:\Users\danie\Escritorio\TRIDENT - PRODUCTION\TRIDENT-BACKEND\backend\node_modules\jest-circus\build\utils.js:298:28)
        at new Promise (<anonymous>)
        at callAsyncCircusFn (C:\Users\danie\Escritorio\TRIDENT - PRODUCTION\TRIDENT-BACKEND\backend\node_modules\jest-circus\build\utils.js:231:10)
        at _callCircusTest (C:\Users\danie\Escritorio\TRIDENT - PRODUCTION\TRIDENT-BACKEND\backend\node_modules\jest-circus\build\run.js:316:40)
        at _runTest (C:\Users\danie\Escritorio\TRIDENT - PRODUCTION\TRIDENT-BACKEND\backend\node_modules\jest-circus\build\run.js:252:3)
        at _runTestsForDescribeBlock (C:\Users\danie\Escritorio\TRIDENT - PRODUCTION\TRIDENT-BACKEND\backend\node_modules\jest-circus\build\run.js:126:9)
        at _runTestsForDescribeBlock (C:\Users\danie\Escritorio\TRIDENT - PRODUCTION\TRIDENT-BACKEND\backend\node_modules\jest-circus\build\run.js:121:9)
        at _runTestsForDescribeBlock (C:\Users\danie\Escritorio\TRIDENT - PRODUCTION\TRIDENT-BACKEND\backend\node_modules\jest-circus\build\run.js:121:9)
        at run (C:\Users\danie\Escritorio\TRIDENT - PRODUCTION\TRIDENT-BACKEND\backend\node_modules\jest-circus\build\run.js:71:3)
        at runAndTransformResultsToJestFormat (C:\Users\danie\Escritorio\TRIDENT - PRODUCTION\TRIDENT-BACKEND\backend\node_modules\jest-circus\build\legacy-code-todo-rewrite\jestAdapterInit.js:122:21)
        at jestAdapter (C:\Users\danie\Escritorio\TRIDENT - PRODUCTION\TRIDENT-BACKEND\backend\node_modules\jest-circus\build\legacy-code-todo-rewrite\jestAdapter.js:79:19)
        at runTestInternal (C:\Users\danie\Escritorio\TRIDENT - PRODUCTION\TRIDENT-BACKEND\backend\node_modules\jest-runner\build\runTest.js:367:16)
        at runTest (C:\Users\danie\Escritorio\TRIDENT - PRODUCTION\TRIDENT-BACKEND\backend\node_modules\jest-runner\build\runTest.js:444:34)

    [0m [90m 77 |[39m     [36mreturn[39m res[33m.[39mstatus([35m201[39m)[33m.[39mjson({ user[33m,[39m token })[33m;[39m
     [90m 78 |[39m   } [36mcatch[39m (err) {
    [31m[1m>[22m[39m[90m 79 |[39m     console[33m.[39merror([32m"register error"[39m[33m,[39m err)[33m;[39m
     [90m    |[39m             [31m[1m^[22m[39m
     [90m 80 |[39m     [36mreturn[39m res[33m.[39mstatus([35m500[39m)[33m.[39mjson({ error[33m:[39m [32m"internal error"[39m })[33m;[39m
     [90m 81 |[39m   }
     [90m 82 |[39m }[33m;[39m[0m

      at Object.<anonymous>.exports.register (src/controllers/authController.js:79:13)
      at Object.<anonymous> (tests/unit/authController.test.js:197:7)

  console.error
    login error Error: Database error
        at Object.<anonymous> (C:\Users\danie\Escritorio\TRIDENT - PRODUCTION\TRIDENT-BACKEND\backend\tests\unit\authController.test.js:333:50)
        at Promise.then.completed (C:\Users\danie\Escritorio\TRIDENT - PRODUCTION\TRIDENT-BACKEND\backend\node_modules\jest-circus\build\utils.js:298:28)
        at new Promise (<anonymous>)
        at callAsyncCircusFn (C:\Users\danie\Escritorio\TRIDENT - PRODUCTION\TRIDENT-BACKEND\backend\node_modules\jest-circus\build\utils.js:231:10)
        at _callCircusTest (C:\Users\danie\Escritorio\TRIDENT - PRODUCTION\TRIDENT-BACKEND\backend\node_modules\jest-circus\build\run.js:316:40)
        at _runTest (C:\Users\danie\Escritorio\TRIDENT - PRODUCTION\TRIDENT-BACKEND\backend\node_modules\jest-circus\build\run.js:252:3)
        at _runTestsForDescribeBlock (C:\Users\danie\Escritorio\TRIDENT - PRODUCTION\TRIDENT-BACKEND\backend\node_modules\jest-circus\build\run.js:126:9)
        at _runTestsForDescribeBlock (C:\Users\danie\Escritorio\TRIDENT - PRODUCTION\TRIDENT-BACKEND\backend\node_modules\jest-circus\build\run.js:121:9)
        at _runTestsForDescribeBlock (C:\Users\danie\Escritorio\TRIDENT - PRODUCTION\TRIDENT-BACKEND\backend\node_modules\jest-circus\build\run.js:121:9)
        at run (C:\Users\danie\Escritorio\TRIDENT - PRODUCTION\TRIDENT-BACKEND\backend\node_modules\jest-circus\build\run.js:71:3)
        at runAndTransformResultsToJestFormat (C:\Users\danie\Escritorio\TRIDENT - PRODUCTION\TRIDENT-BACKEND\backend\node_modules\jest-circus\build\legacy-code-todo-rewrite\jestAdapterInit.js:122:21)
        at jestAdapter (C:\Users\danie\Escritorio\TRIDENT - PRODUCTION\TRIDENT-BACKEND\backend\node_modules\jest-circus\build\legacy-code-todo-rewrite\jestAdapter.js:79:19)
        at runTestInternal (C:\Users\danie\Escritorio\TRIDENT - PRODUCTION\TRIDENT-BACKEND\backend\node_modules\jest-runner\build\runTest.js:367:16)
        at runTest (C:\Users\danie\Escritorio\TRIDENT - PRODUCTION\TRIDENT-BACKEND\backend\node_modules\jest-runner\build\runTest.js:444:34)

    [0m [90m 117 |[39m     [36mreturn[39m res[33m.[39mjson({ user[33m,[39m token })[33m;[39m
     [90m 118 |[39m   } [36mcatch[39m (err) {
    [31m[1m>[22m[39m[90m 119 |[39m     console[33m.[39merror([32m"login error"[39m[33m,[39m err)[33m;[39m
     [90m     |[39m             [31m[1m^[22m[39m
     [90m 120 |[39m     [36mreturn[39m res[33m.[39mstatus([35m500[39m)[33m.[39mjson({ error[33m:[39m [32m"internal error"[39m })[33m;[39m
     [90m 121 |[39m   }
     [90m 122 |[39m }[33m;[39m[0m

      at Object.<anonymous>.exports.login (src/controllers/authController.js:119:13)
      at Object.<anonymous> (tests/unit/authController.test.js:335:7)

PASS tests/unit/authController.test.js
  Authentication Controller
    register
      ΓêÜ should register a new user successfully (5 ms)
      ΓêÜ should return 400 if required fields are missing (3 ms)
      ΓêÜ should return 409 if email already exists (2 ms)
      ΓêÜ should return 400 for invalid role (7 ms)
      ΓêÜ should require organizationData for nonprofit role (3 ms)
      ΓêÜ should validate rate range for researcher (4 ms)
      ΓêÜ should normalize email to lowercase (2 ms)
      ΓêÜ should handle database errors gracefully (13 ms)
    login
      ΓêÜ should login user with valid credentials (5 ms)
      ΓêÜ should return 400 if email or password is missing (2 ms)
      ΓêÜ should return 401 if email not found (2 ms)
      ΓêÜ should return 401 if password is incorrect (3 ms)
      ΓêÜ should not return password_hash in response (3 ms)
      ΓêÜ should normalize email to lowercase (3 ms)
      ΓêÜ should handle database errors gracefully (9 ms)
      ΓêÜ should generate JWT with correct payload (5 ms)

PASS tests/integration/database.test.js
  Database Models Integration
    User Model
      ΓêÜ should create a user with valid data (5 ms)
      ΓêÜ should find user by primary key (1 ms)
      ΓêÜ should find user by email (1 ms)
    Organization Model
      ΓêÜ should create organization (2 ms)
    Project Model
      ΓêÜ should create project with all required fields (2 ms)
    ResearcherProfile Model
      ΓêÜ should create researcher profile (1 ms)
    Database Connection
      ΓêÜ should authenticate database connection (2 ms)
      ΓêÜ should handle connection errors (7 ms)

  console.error
    Get organization error: Error: Database error
        at Object.<anonymous> (C:\Users\danie\Escritorio\TRIDENT - PRODUCTION\TRIDENT-BACKEND\backend\tests\unit\organizationController.test.js:66:46)
        at Promise.then.completed (C:\Users\danie\Escritorio\TRIDENT - PRODUCTION\TRIDENT-BACKEND\backend\node_modules\jest-circus\build\utils.js:298:28)
        at new Promise (<anonymous>)
        at callAsyncCircusFn (C:\Users\danie\Escritorio\TRIDENT - PRODUCTION\TRIDENT-BACKEND\backend\node_modules\jest-circus\build\utils.js:231:10)
        at _callCircusTest (C:\Users\danie\Escritorio\TRIDENT - PRODUCTION\TRIDENT-BACKEND\backend\node_modules\jest-circus\build\run.js:316:40)
        at _runTest (C:\Users\danie\Escritorio\TRIDENT - PRODUCTION\TRIDENT-BACKEND\backend\node_modules\jest-circus\build\run.js:252:3)
        at _runTestsForDescribeBlock (C:\Users\danie\Escritorio\TRIDENT - PRODUCTION\TRIDENT-BACKEND\backend\node_modules\jest-circus\build\run.js:126:9)
        at _runTestsForDescribeBlock (C:\Users\danie\Escritorio\TRIDENT - PRODUCTION\TRIDENT-BACKEND\backend\node_modules\jest-circus\build\run.js:121:9)
        at _runTestsForDescribeBlock (C:\Users\danie\Escritorio\TRIDENT - PRODUCTION\TRIDENT-BACKEND\backend\node_modules\jest-circus\build\run.js:121:9)
        at run (C:\Users\danie\Escritorio\TRIDENT - PRODUCTION\TRIDENT-BACKEND\backend\node_modules\jest-circus\build\run.js:71:3)
        at runAndTransformResultsToJestFormat (C:\Users\danie\Escritorio\TRIDENT - PRODUCTION\TRIDENT-BACKEND\backend\node_modules\jest-circus\build\legacy-code-todo-rewrite\jestAdapterInit.js:122:21)
        at jestAdapter (C:\Users\danie\Escritorio\TRIDENT - PRODUCTION\TRIDENT-BACKEND\backend\node_modules\jest-circus\build\legacy-code-todo-rewrite\jestAdapter.js:79:19)
        at runTestInternal (C:\Users\danie\Escritorio\TRIDENT - PRODUCTION\TRIDENT-BACKEND\backend\node_modules\jest-runner\build\runTest.js:367:16)
        at runTest (C:\Users\danie\Escritorio\TRIDENT - PRODUCTION\TRIDENT-BACKEND\backend\node_modules\jest-runner\build\runTest.js:444:34)

    [0m [90m 18 |[39m     [36mreturn[39m res[33m.[39mjson(org)[33m;[39m
     [90m 19 |[39m   } [36mcatch[39m (err) {
    [31m[1m>[22m[39m[90m 20 |[39m     console[33m.[39merror([32m'Get organization error:'[39m[33m,[39m err)[33m;[39m
     [90m    |[39m             [31m[1m^[22m[39m
     [90m 21 |[39m     [36mreturn[39m res[33m.[39mstatus([35m500[39m)[33m.[39mjson({ message[33m:[39m [32m'Internal server error'[39m })[33m;[39m
     [90m 22 |[39m   }
     [90m 23 |[39m }[33m;[39m[0m

      at Object.getOrganization (src/controllers/organizationController.js:20:13)
      at Object.<anonymous> (tests/unit/organizationController.test.js:68:7)

  console.error
    Update organization error: Error: Database error
        at Object.<anonymous> (C:\Users\danie\Escritorio\TRIDENT - PRODUCTION\TRIDENT-BACKEND\backend\tests\unit\organizationController.test.js:181:46)
        at Promise.then.completed (C:\Users\danie\Escritorio\TRIDENT - PRODUCTION\TRIDENT-BACKEND\backend\node_modules\jest-circus\build\utils.js:298:28)
        at new Promise (<anonymous>)
        at callAsyncCircusFn (C:\Users\danie\Escritorio\TRIDENT - PRODUCTION\TRIDENT-BACKEND\backend\node_modules\jest-circus\build\utils.js:231:10)
        at _callCircusTest (C:\Users\danie\Escritorio\TRIDENT - PRODUCTION\TRIDENT-BACKEND\backend\node_modules\jest-circus\build\run.js:316:40)
        at _runTest (C:\Users\danie\Escritorio\TRIDENT - PRODUCTION\TRIDENT-BACKEND\backend\node_modules\jest-circus\build\run.js:252:3)
        at _runTestsForDescribeBlock (C:\Users\danie\Escritorio\TRIDENT - PRODUCTION\TRIDENT-BACKEND\backend\node_modules\jest-circus\build\run.js:126:9)
        at _runTestsForDescribeBlock (C:\Users\danie\Escritorio\TRIDENT - PRODUCTION\TRIDENT-BACKEND\backend\node_modules\jest-circus\build\run.js:121:9)
        at _runTestsForDescribeBlock (C:\Users\danie\Escritorio\TRIDENT - PRODUCTION\TRIDENT-BACKEND\backend\node_modules\jest-circus\build\run.js:121:9)
        at run (C:\Users\danie\Escritorio\TRIDENT - PRODUCTION\TRIDENT-BACKEND\backend\node_modules\jest-circus\build\run.js:71:3)
        at runAndTransformResultsToJestFormat (C:\Users\danie\Escritorio\TRIDENT - PRODUCTION\TRIDENT-BACKEND\backend\node_modules\jest-circus\build\legacy-code-todo-rewrite\jestAdapterInit.js:122:21)
        at jestAdapter (C:\Users\danie\Escritorio\TRIDENT - PRODUCTION\TRIDENT-BACKEND\backend\node_modules\jest-circus\build\legacy-code-todo-rewrite\jestAdapter.js:79:19)
        at runTestInternal (C:\Users\danie\Escritorio\TRIDENT - PRODUCTION\TRIDENT-BACKEND\backend\node_modules\jest-runner\build\runTest.js:367:16)
        at runTest (C:\Users\danie\Escritorio\TRIDENT - PRODUCTION\TRIDENT-BACKEND\backend\node_modules\jest-runner\build\runTest.js:444:34)

    [0m [90m 84 |[39m     })[33m;[39m
     [90m 85 |[39m   } [36mcatch[39m (error) {
    [31m[1m>[22m[39m[90m 86 |[39m     console[33m.[39merror([32m'Update organization error:'[39m[33m,[39m error)[33m;[39m
     [90m    |[39m             [31m[1m^[22m[39m
     [90m 87 |[39m     [36mreturn[39m res[33m.[39mstatus([35m500[39m)[33m.[39mjson({ error[33m:[39m [32m'Internal server error'[39m })[33m;[39m
     [90m 88 |[39m   }
     [90m 89 |[39m }[33m;[39m[0m

      at Object.updateOrganization (src/controllers/organizationController.js:86:13)
      at Object.<anonymous> (tests/unit/organizationController.test.js:183:7)

PASS tests/unit/organizationController.test.js
  Organization Controller
    getOrganization
      ΓêÜ should return organization for authenticated user (2 ms)
      ΓêÜ should return empty object if no organization exists (2 ms)
      ΓêÜ should handle database errors (9 ms)
    updateOrganization
      ΓêÜ should create new organization if none exists (3 ms)
      ΓêÜ should update existing organization (2 ms)
      ΓêÜ should only allow nonprofit users to update organization (2 ms)
      ΓêÜ should return 400 if no valid update fields provided (1 ms)
      ΓêÜ should filter out disallowed fields (3 ms)
      ΓêÜ should handle database errors (4 ms)

Test Suites: 1 failed, 9 passed, 10 total
Tests:       1 failed, 134 passed, 135 total
Snapshots:   0 total
Time:        12.546 s
Ran all test suites.
